0 verbose cli /Users/rachel/.nvm/versions/node/v20.19.6/bin/node /Users/rachel/.nvm/versions/node/v20.19.6/bin/npm
1 info using npm@10.8.2
2 info using node@v20.19.6
3 silly config load:file:/Users/rachel/.nvm/versions/node/v20.19.6/lib/node_modules/npm/npmrc
4 silly config load:file:/Users/rachel/Documents/MITCHFACTORIAL/site/.npmrc
5 silly config load:file:/Users/rachel/.npmrc
6 silly config load:file:/Users/rachel/.nvm/versions/node/v20.19.6/etc/npmrc
7 verbose title npm install @vercel/analytics
8 verbose argv "install" "@vercel/analytics"
9 verbose logfile logs-max:10 dir:/Users/rachel/Documents/MITCHFACTORIAL/site/.npm-cache/_logs/2026-06-06T05_48_38_528Z-
10 verbose logfile /Users/rachel/Documents/MITCHFACTORIAL/site/.npm-cache/_logs/2026-06-06T05_48_38_528Z-debug-0.log
11 silly packumentCache heap:4345298944 maxSize:1086324736 maxEntrySize:543162368
12 silly logfile done cleaning log files
13 silly idealTree buildDeps
14 silly fetch manifest @vercel/analytics@*
15 silly packumentCache full:https://registry.npmjs.org/@vercel%2fanalytics cache-miss
16 http fetch GET 200 https://registry.npmjs.org/@vercel%2fanalytics 416ms (cache miss)
17 silly packumentCache full:https://registry.npmjs.org/@vercel%2fanalytics set size:undefined disposed:false
18 silly fetch manifest @remix-run/react@^2
19 silly packumentCache full:https://registry.npmjs.org/@remix-run%2freact cache-miss
20 http fetch GET 200 https://registry.npmjs.org/@remix-run%2freact 327ms (cache miss)
21 silly packumentCache full:https://registry.npmjs.org/@remix-run%2freact set size:undefined disposed:false
22 silly fetch manifest react@19.2.4
23 silly packumentCache full:https://registry.npmjs.org/react cache-miss
24 http fetch GET 200 https://registry.npmjs.org/react 147ms (cache miss)
25 silly packumentCache full:https://registry.npmjs.org/react set size:undefined disposed:false
26 silly fetch manifest react@^18.0.0
27 silly packumentCache full:https://registry.npmjs.org/react cache-miss
28 http fetch GET 200 https://registry.npmjs.org/react 18ms (cache hit)
29 silly packumentCache full:https://registry.npmjs.org/react set size:6688498 disposed:false
30 silly fetch manifest react-dom@19.2.4
31 silly packumentCache full:https://registry.npmjs.org/react-dom cache-miss
32 http fetch GET 200 https://registry.npmjs.org/react-dom 223ms (cache miss)
33 silly packumentCache full:https://registry.npmjs.org/react-dom set size:undefined disposed:false
34 silly fetch manifest react-dom@^18.0.0
35 silly packumentCache full:https://registry.npmjs.org/react-dom cache-miss
36 http fetch GET 200 https://registry.npmjs.org/react-dom 22ms (cache hit)
37 silly packumentCache full:https://registry.npmjs.org/react-dom set size:8930276 disposed:false
38 silly fetch manifest typescript@^5
39 silly packumentCache full:https://registry.npmjs.org/typescript cache-miss
40 http fetch GET 200 https://registry.npmjs.org/typescript 279ms (cache miss)
41 silly packumentCache full:https://registry.npmjs.org/typescript set size:undefined disposed:false
42 silly fetch manifest @sveltejs/kit@^1 || ^2
43 silly packumentCache full:https://registry.npmjs.org/@sveltejs%2fkit cache-miss
44 http fetch GET 200 https://registry.npmjs.org/@sveltejs%2fkit 411ms (cache miss)
45 silly packumentCache full:https://registry.npmjs.org/@sveltejs%2fkit set size:undefined disposed:false
46 silly fetch manifest @opentelemetry/api@^1.0.0
47 silly packumentCache full:https://registry.npmjs.org/@opentelemetry%2fapi cache-miss
48 http fetch GET 200 https://registry.npmjs.org/@opentelemetry%2fapi 47ms (cache miss)
49 silly packumentCache full:https://registry.npmjs.org/@opentelemetry%2fapi set size:undefined disposed:false
50 silly fetch manifest @sveltejs/vite-plugin-svelte@^3.0.0 || ^4.0.0-next.1 || ^5.0.0 || ^6.0.0-next.0 || ^7.0.0
51 silly packumentCache full:https://registry.npmjs.org/@sveltejs%2fvite-plugin-svelte cache-miss
52 http fetch GET 200 https://registry.npmjs.org/@sveltejs%2fvite-plugin-svelte 254ms (cache miss)
53 silly packumentCache full:https://registry.npmjs.org/@sveltejs%2fvite-plugin-svelte set size:undefined disposed:false
54 silly fetch manifest svelte@^5.46.4
55 silly packumentCache full:https://registry.npmjs.org/svelte cache-miss
56 http fetch GET 200 https://registry.npmjs.org/svelte 122ms (cache miss)
57 silly packumentCache full:https://registry.npmjs.org/svelte set size:undefined disposed:false
58 silly fetch manifest vite@^8.0.0-beta.7 || ^8.0.0
59 silly packumentCache full:https://registry.npmjs.org/vite cache-miss
60 http fetch GET 200 https://registry.npmjs.org/vite 1123ms (cache miss)
61 silly packumentCache full:https://registry.npmjs.org/vite set size:undefined disposed:false
62 silly fetch manifest @types/node@^20
63 silly packumentCache full:https://registry.npmjs.org/@types%2fnode cache-miss
64 http fetch GET 200 https://registry.npmjs.org/@types%2fnode 193ms (cache miss)
65 silly packumentCache full:https://registry.npmjs.org/@types%2fnode set size:undefined disposed:false
66 silly fetch manifest @vitejs/devtools@^0.1.18
67 silly packumentCache full:https://registry.npmjs.org/@vitejs%2fdevtools cache-miss
68 http fetch GET 200 https://registry.npmjs.org/@vitejs%2fdevtools 94ms (cache miss)
69 silly packumentCache full:https://registry.npmjs.org/@vitejs%2fdevtools set size:undefined disposed:false
70 silly fetch manifest esbuild@^0.27.0 || ^0.28.0
71 silly packumentCache full:https://registry.npmjs.org/esbuild cache-miss
72 http fetch GET 200 https://registry.npmjs.org/esbuild 75ms (cache miss)
73 silly packumentCache full:https://registry.npmjs.org/esbuild set size:undefined disposed:false
74 silly fetch manifest jiti@>=1.21.0
75 silly packumentCache full:https://registry.npmjs.org/jiti cache-miss
76 http fetch GET 200 https://registry.npmjs.org/jiti 42ms (cache miss)
77 silly packumentCache full:https://registry.npmjs.org/jiti set size:undefined disposed:false
78 silly fetch manifest less@^4.0.0
79 silly packumentCache full:https://registry.npmjs.org/less cache-miss
80 http fetch GET 200 https://registry.npmjs.org/less 44ms (cache miss)
81 silly packumentCache full:https://registry.npmjs.org/less set size:undefined disposed:false
82 silly fetch manifest sass@^1.70.0
83 silly packumentCache full:https://registry.npmjs.org/sass cache-miss
84 http fetch GET 200 https://registry.npmjs.org/sass 57ms (cache miss)
85 silly packumentCache full:https://registry.npmjs.org/sass set size:undefined disposed:false
86 silly fetch manifest sass-embedded@^1.70.0
87 silly packumentCache full:https://registry.npmjs.org/sass-embedded cache-miss
88 http fetch GET 200 https://registry.npmjs.org/sass-embedded 42ms (cache miss)
89 silly packumentCache full:https://registry.npmjs.org/sass-embedded set size:undefined disposed:false
90 silly fetch manifest stylus@>=0.54.8
91 silly packumentCache full:https://registry.npmjs.org/stylus cache-miss
92 http fetch GET 200 https://registry.npmjs.org/stylus 37ms (cache miss)
93 silly packumentCache full:https://registry.npmjs.org/stylus set size:undefined disposed:false
94 silly fetch manifest sugarss@^5.0.0
95 silly packumentCache full:https://registry.npmjs.org/sugarss cache-miss
96 http fetch GET 200 https://registry.npmjs.org/sugarss 113ms (cache miss)
97 silly packumentCache full:https://registry.npmjs.org/sugarss set size:undefined disposed:false
98 silly fetch manifest postcss@^8.3.3
99 silly packumentCache full:https://registry.npmjs.org/postcss cache-miss
100 http fetch GET 200 https://registry.npmjs.org/postcss 48ms (cache miss)
101 silly packumentCache full:https://registry.npmjs.org/postcss set size:undefined disposed:false
102 silly fetch manifest terser@^5.16.0
103 silly packumentCache full:https://registry.npmjs.org/terser cache-miss
104 http fetch GET 200 https://registry.npmjs.org/terser 51ms (cache miss)
105 silly packumentCache full:https://registry.npmjs.org/terser set size:undefined disposed:false
106 silly fetch manifest tsx@^4.8.1
107 silly packumentCache full:https://registry.npmjs.org/tsx cache-miss
108 http fetch GET 200 https://registry.npmjs.org/tsx 36ms (cache miss)
109 silly packumentCache full:https://registry.npmjs.org/tsx set size:undefined disposed:false
110 silly fetch manifest yaml@^2.4.2
111 silly packumentCache full:https://registry.npmjs.org/yaml cache-miss
112 http fetch GET 200 https://registry.npmjs.org/yaml 53ms (cache miss)
113 silly packumentCache full:https://registry.npmjs.org/yaml set size:undefined disposed:false
114 silly fetch manifest next@16.2.7
115 silly packumentCache full:https://registry.npmjs.org/next cache-miss
116 http fetch GET 200 https://registry.npmjs.org/next 533ms (cache miss)
117 silly packumentCache full:https://registry.npmjs.org/next set size:undefined disposed:false
118 silly fetch manifest @playwright/test@^1.51.1
119 silly packumentCache full:https://registry.npmjs.org/@playwright%2ftest cache-miss
120 http fetch GET 200 https://registry.npmjs.org/@playwright%2ftest 196ms (cache miss)
121 silly packumentCache full:https://registry.npmjs.org/@playwright%2ftest set size:undefined disposed:false
122 silly fetch manifest babel-plugin-react-compiler@*
123 silly packumentCache full:https://registry.npmjs.org/babel-plugin-react-compiler cache-miss
124 http fetch GET 200 https://registry.npmjs.org/babel-plugin-react-compiler 71ms (cache miss)
125 silly packumentCache full:https://registry.npmjs.org/babel-plugin-react-compiler set size:undefined disposed:false
126 silly fetch manifest nuxt@>= 3
127 silly packumentCache full:https://registry.npmjs.org/nuxt cache-miss
128 http fetch GET 200 https://registry.npmjs.org/nuxt 337ms (cache miss)
129 silly packumentCache full:https://registry.npmjs.org/nuxt set size:undefined disposed:false
130 silly fetch manifest @parcel/watcher@^2.1.0
131 silly packumentCache full:https://registry.npmjs.org/@parcel%2fwatcher cache-miss
132 http fetch GET 200 https://registry.npmjs.org/@parcel%2fwatcher 42ms (cache miss)
133 silly packumentCache full:https://registry.npmjs.org/@parcel%2fwatcher set size:undefined disposed:false
134 silly fetch manifest vue@^3
135 silly packumentCache full:https://registry.npmjs.org/vue cache-miss
136 http fetch GET 200 https://registry.npmjs.org/vue 177ms (cache miss)
137 silly packumentCache full:https://registry.npmjs.org/vue set size:undefined disposed:false
138 silly fetch manifest vue-router@^4
139 silly packumentCache full:https://registry.npmjs.org/vue-router cache-miss
140 http fetch GET 200 https://registry.npmjs.org/vue-router 157ms (cache miss)
141 silly packumentCache full:https://registry.npmjs.org/vue-router set size:undefined disposed:false
142 silly placeDep ROOT @vercel/analytics@2.0.1 OK for: site@0.1.0 want: *
143 silly reify moves {}
144 verbose reify failed optional dependency /Users/rachel/Documents/MITCHFACTORIAL/site/node_modules/@tailwindcss/oxide-wasm32-wasi
145 silly reify mark deleted [
145 silly reify   '/Users/rachel/Documents/MITCHFACTORIAL/site/node_modules/@tailwindcss/oxide-wasm32-wasi'
145 silly reify ]
146 silly audit bulk request {
146 silly audit   '@alloc/quick-lru': [ '5.2.0' ],
146 silly audit   '@babel/code-frame': [ '7.29.7' ],
146 silly audit   '@babel/compat-data': [ '7.29.7' ],
146 silly audit   '@babel/core': [ '7.29.7' ],
146 silly audit   '@babel/generator': [ '7.29.7' ],
146 silly audit   '@babel/helper-compilation-targets': [ '7.29.7' ],
146 silly audit   '@babel/helper-globals': [ '7.29.7' ],
146 silly audit   '@babel/helper-module-imports': [ '7.29.7' ],
146 silly audit   '@babel/helper-module-transforms': [ '7.29.7' ],
146 silly audit   '@babel/helper-string-parser': [ '7.29.7' ],
146 silly audit   '@babel/helper-validator-identifier': [ '7.29.7' ],
146 silly audit   '@babel/helper-validator-option': [ '7.29.7' ],
146 silly audit   '@babel/helpers': [ '7.29.7' ],
146 silly audit   '@babel/parser': [ '7.29.7' ],
146 silly audit   '@babel/template': [ '7.29.7' ],
146 silly audit   '@babel/traverse': [ '7.29.7' ],
146 silly audit   '@babel/types': [ '7.29.7' ],
146 silly audit   '@emnapi/core': [ '1.10.0' ],
146 silly audit   '@emnapi/runtime': [ '1.10.0' ],
146 silly audit   '@emnapi/wasi-threads': [ '1.2.1' ],
146 silly audit   '@eslint-community/eslint-utils': [ '4.9.1' ],
146 silly audit   'eslint-visitor-keys': [ '3.4.3', '5.0.1', '4.2.1' ],
146 silly audit   '@eslint-community/regexpp': [ '4.12.2' ],
146 silly audit   '@eslint/config-array': [ '0.21.2' ],
146 silly audit   '@eslint/config-helpers': [ '0.4.2' ],
146 silly audit   '@eslint/core': [ '0.17.0' ],
146 silly audit   '@eslint/eslintrc': [ '3.3.5' ],
146 silly audit   '@eslint/js': [ '9.39.4' ],
146 silly audit   '@eslint/object-schema': [ '2.1.7' ],
146 silly audit   '@eslint/plugin-kit': [ '0.4.1' ],
146 silly audit   '@humanfs/core': [ '0.19.2' ],
146 silly audit   '@humanfs/node': [ '0.16.8' ],
146 silly audit   '@humanfs/types': [ '0.15.0' ],
146 silly audit   '@humanwhocodes/module-importer': [ '1.0.1' ],
146 silly audit   '@humanwhocodes/retry': [ '0.4.3' ],
146 silly audit   '@img/colour': [ '1.1.0' ],
146 silly audit   '@img/sharp-darwin-arm64': [ '0.34.5' ],
146 silly audit   '@img/sharp-darwin-x64': [ '0.34.5' ],
146 silly audit   '@img/sharp-libvips-darwin-arm64': [ '1.2.4' ],
146 silly audit   '@img/sharp-libvips-darwin-x64': [ '1.2.4' ],
146 silly audit   '@img/sharp-libvips-linux-arm': [ '1.2.4' ],
146 silly audit   '@img/sharp-libvips-linux-arm64': [ '1.2.4' ],
146 silly audit   '@img/sharp-libvips-linux-ppc64': [ '1.2.4' ],
146 silly audit   '@img/sharp-libvips-linux-riscv64': [ '1.2.4' ],
146 silly audit   '@img/sharp-libvips-linux-s390x': [ '1.2.4' ],
146 silly audit   '@img/sharp-libvips-linux-x64': [ '1.2.4' ],
146 silly audit   '@img/sharp-libvips-linuxmusl-arm64': [ '1.2.4' ],
146 silly audit   '@img/sharp-libvips-linuxmusl-x64': [ '1.2.4' ],
146 silly audit   '@img/sharp-linux-arm': [ '0.34.5' ],
146 silly audit   '@img/sharp-linux-arm64': [ '0.34.5' ],
146 silly audit   '@img/sharp-linux-ppc64': [ '0.34.5' ],
146 silly audit   '@img/sharp-linux-riscv64': [ '0.34.5' ],
146 silly audit   '@img/sharp-linux-s390x': [ '0.34.5' ],
146 silly audit   '@img/sharp-linux-x64': [ '0.34.5' ],
146 silly audit   '@img/sharp-linuxmusl-arm64': [ '0.34.5' ],
146 silly audit   '@img/sharp-linuxmusl-x64': [ '0.34.5' ],
146 silly audit   '@img/sharp-wasm32': [ '0.34.5' ],
146 silly audit   '@img/sharp-win32-arm64': [ '0.34.5' ],
146 silly audit   '@img/sharp-win32-ia32': [ '0.34.5' ],
146 silly audit   '@img/sharp-win32-x64': [ '0.34.5' ],
146 silly audit   '@jridgewell/gen-mapping': [ '0.3.13' ],
146 silly audit   '@jridgewell/remapping': [ '2.3.5' ],
146 silly audit   '@jridgewell/resolve-uri': [ '3.1.2' ],
146 silly audit   '@jridgewell/sourcemap-codec': [ '1.5.5' ],
146 silly audit   '@jridgewell/trace-mapping': [ '0.3.31' ],
146 silly audit   '@napi-rs/wasm-runtime': [ '1.1.4' ],
146 silly audit   '@next/env': [ '16.2.7' ],
146 silly audit   '@next/eslint-plugin-next': [ '16.2.7' ],
146 silly audit   '@next/swc-darwin-arm64': [ '16.2.7' ],
146 silly audit   '@next/swc-darwin-x64': [ '16.2.7' ],
146 silly audit   '@next/swc-linux-arm64-gnu': [ '16.2.7' ],
146 silly audit   '@next/swc-linux-arm64-musl': [ '16.2.7' ],
146 silly audit   '@next/swc-linux-x64-gnu': [ '16.2.7' ],
146 silly audit   '@next/swc-linux-x64-musl': [ '16.2.7' ],
146 silly audit   '@next/swc-win32-arm64-msvc': [ '16.2.7' ],
146 silly audit   '@next/swc-win32-x64-msvc': [ '16.2.7' ],
146 silly audit   '@nodelib/fs.scandir': [ '2.1.5' ],
146 silly audit   '@nodelib/fs.stat': [ '2.0.5' ],
146 silly audit   '@nodelib/fs.walk': [ '1.2.8' ],
146 silly audit   '@nolyfill/is-core-module': [ '1.0.39' ],
146 silly audit   '@rtsao/scc': [ '1.1.0' ],
146 silly audit   '@swc/helpers': [ '0.5.15' ],
146 silly audit   '@tailwindcss/node': [ '4.3.0' ],
146 silly audit   '@tailwindcss/oxide': [ '4.3.0' ],
146 silly audit   '@tailwindcss/oxide-android-arm64': [ '4.3.0' ],
146 silly audit   '@tailwindcss/oxide-darwin-arm64': [ '4.3.0' ],
146 silly audit   '@tailwindcss/oxide-darwin-x64': [ '4.3.0' ],
146 silly audit   '@tailwindcss/oxide-freebsd-x64': [ '4.3.0' ],
146 silly audit   '@tailwindcss/oxide-linux-arm-gnueabihf': [ '4.3.0' ],
146 silly audit   '@tailwindcss/oxide-linux-arm64-gnu': [ '4.3.0' ],
146 silly audit   '@tailwindcss/oxide-linux-arm64-musl': [ '4.3.0' ],
146 silly audit   '@tailwindcss/oxide-linux-x64-gnu': [ '4.3.0' ],
146 silly audit   '@tailwindcss/oxide-linux-x64-musl': [ '4.3.0' ],
146 silly audit   '@tailwindcss/oxide-win32-arm64-msvc': [ '4.3.0' ],
146 silly audit   '@tailwindcss/oxide-win32-x64-msvc': [ '4.3.0' ],
146 silly audit   '@tailwindcss/postcss': [ '4.3.0' ],
146 silly audit   '@tybys/wasm-util': [ '0.10.2' ],
146 silly audit   '@types/estree': [ '1.0.9' ],
146 silly audit   '@types/json-schema': [ '7.0.15' ],
146 silly audit   '@types/json5': [ '0.0.29' ],
146 silly audit   '@types/node': [ '20.19.41' ],
146 silly audit   '@types/react': [ '19.2.17' ],
146 silly audit   '@types/react-dom': [ '19.2.3' ],
146 silly audit   '@typescript-eslint/eslint-plugin': [ '8.60.1' ],
146 silly audit   ignore: [ '7.0.5', '5.3.2' ],
146 silly audit   '@typescript-eslint/parser': [ '8.60.1' ],
146 silly audit   '@typescript-eslint/project-service': [ '8.60.1' ],
146 silly audit   '@typescript-eslint/scope-manager': [ '8.60.1' ],
146 silly audit   '@typescript-eslint/tsconfig-utils': [ '8.60.1' ],
146 silly audit   '@typescript-eslint/type-utils': [ '8.60.1' ],
146 silly audit   '@typescript-eslint/types': [ '8.60.1' ],
146 silly audit   '@typescript-eslint/typescript-estree': [ '8.60.1' ],
146 silly audit   'balanced-match': [ '4.0.4', '1.0.2' ],
146 silly audit   'brace-expansion': [ '5.0.6', '1.1.15' ],
146 silly audit   minimatch: [ '10.2.5', '3.1.5' ],
146 silly audit   semver: [ '7.8.2', '6.3.1' ],
146 silly audit   '@typescript-eslint/utils': [ '8.60.1' ],
146 silly audit   '@typescript-eslint/visitor-keys': [ '8.60.1' ],
146 silly audit   '@unrs/resolver-binding-android-arm-eabi': [ '1.12.2' ],
146 silly audit   '@unrs/resolver-binding-android-arm64': [ '1.12.2' ],
146 silly audit   '@unrs/resolver-binding-darwin-arm64': [ '1.12.2' ],
146 silly audit   '@unrs/resolver-binding-darwin-x64': [ '1.12.2' ],
146 silly audit   '@unrs/resolver-binding-freebsd-x64': [ '1.12.2' ],
146 silly audit   '@unrs/resolver-binding-linux-arm-gnueabihf': [ '1.12.2' ],
146 silly audit   '@unrs/resolver-binding-linux-arm-musleabihf': [ '1.12.2' ],
146 silly audit   '@unrs/resolver-binding-linux-arm64-gnu': [ '1.12.2' ],
146 silly audit   '@unrs/resolver-binding-linux-arm64-musl': [ '1.12.2' ],
146 silly audit   '@unrs/resolver-binding-linux-loong64-gnu': [ '1.12.2' ],
146 silly audit   '@unrs/resolver-binding-linux-loong64-musl': [ '1.12.2' ],
146 silly audit   '@unrs/resolver-binding-linux-ppc64-gnu': [ '1.12.2' ],
146 silly audit   '@unrs/resolver-binding-linux-riscv64-gnu': [ '1.12.2' ],
146 silly audit   '@unrs/resolver-binding-linux-riscv64-musl': [ '1.12.2' ],
146 silly audit   '@unrs/resolver-binding-linux-s390x-gnu': [ '1.12.2' ],
146 silly audit   '@unrs/resolver-binding-linux-x64-gnu': [ '1.12.2' ],
146 silly audit   '@unrs/resolver-binding-linux-x64-musl': [ '1.12.2' ],
146 silly audit   '@unrs/resolver-binding-openharmony-arm64': [ '1.12.2' ],
146 silly audit   '@unrs/resolver-binding-wasm32-wasi': [ '1.12.2' ],
146 silly audit   '@unrs/resolver-binding-win32-arm64-msvc': [ '1.12.2' ],
146 silly audit   '@unrs/resolver-binding-win32-ia32-msvc': [ '1.12.2' ],
146 silly audit   '@unrs/resolver-binding-win32-x64-msvc': [ '1.12.2' ],
146 silly audit   acorn: [ '8.16.0' ],
146 silly audit   'acorn-jsx': [ '5.3.2' ],
146 silly audit   ajv: [ '6.15.0' ],
146 silly audit   'ansi-styles': [ '4.3.0' ],
146 silly audit   argparse: [ '2.0.1' ],
146 silly audit   'aria-query': [ '5.3.2' ],
146 silly audit   'array-buffer-byte-length': [ '1.0.2' ],
146 silly audit   'array-includes': [ '3.1.9' ],
146 silly audit   'array.prototype.findlast': [ '1.2.5' ],
146 silly audit   'array.prototype.findlastindex': [ '1.2.6' ],
146 silly audit   'array.prototype.flat': [ '1.3.3' ],
146 silly audit   'array.prototype.flatmap': [ '1.3.3' ],
146 silly audit   'array.prototype.tosorted': [ '1.1.4' ],
146 silly audit   'arraybuffer.prototype.slice': [ '1.0.4' ],
146 silly audit   'ast-types-flow': [ '0.0.8' ],
146 silly audit   'async-function': [ '1.0.0' ],
146 silly audit   'available-typed-arrays': [ '1.0.7' ],
146 silly audit   'axe-core': [ '4.12.0' ],
146 silly audit   'axobject-query': [ '4.1.0' ],
146 silly audit   'baseline-browser-mapping': [ '2.10.34' ],
146 silly audit   braces: [ '3.0.3' ],
146 silly audit   browserslist: [ '4.28.2' ],
146 silly audit   'call-bind': [ '1.0.9' ],
146 silly audit   'call-bind-apply-helpers': [ '1.0.2' ],
146 silly audit   'call-bound': [ '1.0.4' ],
146 silly audit   callsites: [ '3.1.0' ],
146 silly audit   'caniuse-lite': [ '1.0.30001793' ],
146 silly audit   chalk: [ '4.1.2' ],
146 silly audit   'client-only': [ '0.0.1' ],
146 silly audit   clsx: [ '2.1.1' ],
146 silly audit   'color-convert': [ '2.0.1' ],
146 silly audit   'color-name': [ '1.1.4' ],
146 silly audit   'concat-map': [ '0.0.1' ],
146 silly audit   'convert-source-map': [ '2.0.0' ],
146 silly audit   'cross-spawn': [ '7.0.6' ],
146 silly audit   csstype: [ '3.2.3' ],
146 silly audit   'damerau-levenshtein': [ '1.0.8' ],
146 silly audit   'data-view-buffer': [ '1.0.2' ],
146 silly audit   'data-view-byte-length': [ '1.0.2' ],
146 silly audit   'data-view-byte-offset': [ '1.0.1' ],
146 silly audit   debug: [ '4.4.3', '3.2.7' ],
146 silly audit   'deep-is': [ '0.1.4' ],
146 silly audit   'define-data-property': [ '1.1.4' ],
146 silly audit   'define-properties': [ '1.2.1' ],
146 silly audit   'detect-libc': [ '2.1.2' ],
146 silly audit   doctrine: [ '2.1.0' ],
146 silly audit   'dunder-proto': [ '1.0.1' ],
146 silly audit   'electron-to-chromium': [ '1.5.368' ],
146 silly audit   'emoji-regex': [ '9.2.2' ],
146 silly audit   'enhanced-resolve': [ '5.23.0' ],
146 silly audit   'es-abstract': [ '1.24.2' ],
146 silly audit   'es-define-property': [ '1.0.1' ],
146 silly audit   'es-errors': [ '1.3.0' ],
146 silly audit   'es-iterator-helpers': [ '1.3.2' ],
146 silly audit   'es-object-atoms': [ '1.1.2' ],
146 silly audit   'es-set-tostringtag': [ '2.1.0' ],
146 silly audit   'es-shim-unscopables': [ '1.1.0' ],
146 silly audit   'es-to-primitive': [ '1.3.0' ],
146 silly audit   escalade: [ '3.2.0' ],
146 silly audit   'escape-string-regexp': [ '4.0.0' ],
146 silly audit   eslint: [ '9.39.4' ],
146 silly audit   'eslint-config-next': [ '16.2.7' ],
146 silly audit   globals: [ '16.4.0', '14.0.0' ],
146 silly audit   'eslint-import-resolver-node': [ '0.3.10' ],
146 silly audit   'eslint-import-resolver-typescript': [ '3.10.1' ],
146 silly audit   'eslint-module-utils': [ '2.13.0' ],
146 silly audit   'eslint-plugin-import': [ '2.32.0' ],
146 silly audit   'eslint-plugin-jsx-a11y': [ '6.10.2' ],
146 silly audit   'eslint-plugin-react': [ '7.37.5' ],
146 silly audit   'eslint-plugin-react-hooks': [ '7.1.1' ],
146 silly audit   'eslint-scope': [ '8.4.0' ],
146 silly audit   espree: [ '10.4.0' ],
146 silly audit   esquery: [ '1.7.0' ],
146 silly audit   esrecurse: [ '4.3.0' ],
146 silly audit   estraverse: [ '5.3.0' ],
146 silly audit   esutils: [ '2.0.3' ],
146 silly audit   'fast-deep-equal': [ '3.1.3' ],
146 silly audit   'fast-glob': [ '3.3.1' ],
146 silly audit   'glob-parent': [ '5.1.2', '6.0.2' ],
146 silly audit   'fast-json-stable-stringify': [ '2.1.0' ],
146 silly audit   'fast-levenshtein': [ '2.0.6' ],
146 silly audit   fastq: [ '1.20.1' ],
146 silly audit   'file-entry-cache': [ '8.0.0' ],
146 silly audit   'fill-range': [ '7.1.1' ],
146 silly audit   'find-up': [ '5.0.0' ],
146 silly audit   'flat-cache': [ '4.0.1' ],
146 silly audit   flatted: [ '3.4.2' ],
146 silly audit   'for-each': [ '0.3.5' ],
146 silly audit   'framer-motion': [ '12.40.0' ],
146 silly audit   'function-bind': [ '1.1.2' ],
146 silly audit   'function.prototype.name': [ '1.1.8' ],
146 silly audit   'functions-have-names': [ '1.2.3' ],
146 silly audit   'generator-function': [ '2.0.1' ],
146 silly audit   gensync: [ '1.0.0-beta.2' ],
146 silly audit   'get-intrinsic': [ '1.3.0' ],
146 silly audit   'get-proto': [ '1.0.1' ],
146 silly audit   'get-symbol-description': [ '1.1.0' ],
146 silly audit   'get-tsconfig': [ '4.14.0' ],
146 silly audit   globalthis: [ '1.0.4' ],
146 silly audit   gopd: [ '1.2.0' ],
146 silly audit   'graceful-fs': [ '4.2.11' ],
146 silly audit   'has-bigints': [ '1.1.0' ],
146 silly audit   'has-flag': [ '4.0.0' ],
146 silly audit   'has-property-descriptors': [ '1.0.2' ],
146 silly audit   'has-proto': [ '1.2.0' ],
146 silly audit   'has-symbols': [ '1.1.0' ],
146 silly audit   'has-tostringtag': [ '1.0.2' ],
146 silly audit   hasown: [ '2.0.4' ],
146 silly audit   'hermes-estree': [ '0.25.1' ],
146 silly audit   'hermes-parser': [ '0.25.1' ],
146 silly audit   'import-fresh': [ '3.3.1' ],
146 silly audit   imurmurhash: [ '0.1.4' ],
146 silly audit   'internal-slot': [ '1.1.0' ],
146 silly audit   'is-array-buffer': [ '3.0.5' ],
146 silly audit   'is-async-function': [ '2.1.1' ],
146 silly audit   'is-bigint': [ '1.1.0' ],
146 silly audit   'is-boolean-object': [ '1.2.2' ],
146 silly audit   'is-bun-module': [ '2.0.0' ],
146 silly audit   'is-callable': [ '1.2.7' ],
146 silly audit   'is-core-module': [ '2.16.2' ],
146 silly audit   'is-data-view': [ '1.0.2' ],
146 silly audit   'is-date-object': [ '1.1.0' ],
146 silly audit   'is-extglob': [ '2.1.1' ],
146 silly audit   'is-finalizationregistry': [ '1.1.1' ],
146 silly audit   'is-generator-function': [ '1.1.2' ],
146 silly audit   'is-glob': [ '4.0.3' ],
146 silly audit   'is-map': [ '2.0.3' ],
146 silly audit   'is-negative-zero': [ '2.0.3' ],
146 silly audit   'is-number': [ '7.0.0' ],
146 silly audit   'is-number-object': [ '1.1.1' ],
146 silly audit   'is-regex': [ '1.2.1' ],
146 silly audit   'is-set': [ '2.0.3' ],
146 silly audit   'is-shared-array-buffer': [ '1.0.4' ],
146 silly audit   'is-string': [ '1.1.1' ],
146 silly audit   'is-symbol': [ '1.1.1' ],
146 silly audit   'is-typed-array': [ '1.1.15' ],
146 silly audit   'is-weakmap': [ '2.0.2' ],
146 silly audit   'is-weakref': [ '1.1.1' ],
146 silly audit   'is-weakset': [ '2.0.4' ],
146 silly audit   isarray: [ '2.0.5' ],
146 silly audit   isexe: [ '2.0.0' ],
146 silly audit   'iterator.prototype': [ '1.1.5' ],
146 silly audit   jiti: [ '2.7.0' ],
146 silly audit   'js-tokens': [ '4.0.0' ],
146 silly audit   'js-yaml': [ '4.2.0' ],
146 silly audit   jsesc: [ '3.1.0' ],
146 silly audit   'json-buffer': [ '3.0.1' ],
146 silly audit   'json-schema-traverse': [ '0.4.1' ],
146 silly audit   'json-stable-stringify-without-jsonify': [ '1.0.1' ],
146 silly audit   json5: [ '2.2.3', '1.0.2' ],
146 silly audit   'jsx-ast-utils': [ '3.3.5' ],
146 silly audit   keyv: [ '4.5.4' ],
146 silly audit   'language-subtag-registry': [ '0.3.23' ],
146 silly audit   'language-tags': [ '1.0.9' ],
146 silly audit   levn: [ '0.4.1' ],
146 silly audit   lightningcss: [ '1.32.0' ],
146 silly audit   'lightningcss-android-arm64': [ '1.32.0' ],
146 silly audit   'lightningcss-darwin-arm64': [ '1.32.0' ],
146 silly audit   'lightningcss-darwin-x64': [ '1.32.0' ],
146 silly audit   'lightningcss-freebsd-x64': [ '1.32.0' ],
146 silly audit   'lightningcss-linux-arm-gnueabihf': [ '1.32.0' ],
146 silly audit   'lightningcss-linux-arm64-gnu': [ '1.32.0' ],
146 silly audit   'lightningcss-linux-arm64-musl': [ '1.32.0' ],
146 silly audit   'lightningcss-linux-x64-gnu': [ '1.32.0' ],
146 silly audit   'lightningcss-linux-x64-musl': [ '1.32.0' ],
146 silly audit   'lightningcss-win32-arm64-msvc': [ '1.32.0' ],
146 silly audit   'lightningcss-win32-x64-msvc': [ '1.32.0' ],
146 silly audit   'locate-path': [ '6.0.0' ],
146 silly audit   'lodash.merge': [ '4.6.2' ],
146 silly audit   'loose-envify': [ '1.4.0' ],
146 silly audit   'lru-cache': [ '5.1.1' ],
146 silly audit   'lucide-react': [ '1.17.0' ],
146 silly audit   'magic-string': [ '0.30.21' ],
146 silly audit   'math-intrinsics': [ '1.1.0' ],
146 silly audit   merge2: [ '1.4.1' ],
146 silly audit   micromatch: [ '4.0.8' ],
146 silly audit   minimist: [ '1.2.8' ],
146 silly audit   'motion-dom': [ '12.40.0' ],
146 silly audit   'motion-utils': [ '12.39.0' ],
146 silly audit   ms: [ '2.1.3' ],
146 silly audit   nanoid: [ '3.3.12' ],
146 silly audit   'napi-postinstall': [ '0.3.4' ],
146 silly audit   'natural-compare': [ '1.4.0' ],
146 silly audit   next: [ '16.2.7' ],
146 silly audit   postcss: [ '8.4.31', '8.5.15' ],
146 silly audit   'node-exports-info': [ '1.6.0' ],
146 silly audit   'node-releases': [ '2.0.47' ],
146 silly audit   'object-assign': [ '4.1.1' ],
146 silly audit   'object-inspect': [ '1.13.4' ],
146 silly audit   'object-keys': [ '1.1.1' ],
146 silly audit   'object.assign': [ '4.1.7' ],
146 silly audit   'object.entries': [ '1.1.9' ],
146 silly audit   'object.fromentries': [ '2.0.8' ],
146 silly audit   'object.groupby': [ '1.0.3' ],
146 silly audit   'object.values': [ '1.2.1' ],
146 silly audit   optionator: [ '0.9.4' ],
146 silly audit   'own-keys': [ '1.0.1' ],
146 silly audit   'p-limit': [ '3.1.0' ],
146 silly audit   'p-locate': [ '5.0.0' ],
146 silly audit   'parent-module': [ '1.0.1' ],
146 silly audit   'path-exists': [ '4.0.0' ],
146 silly audit   'path-key': [ '3.1.1' ],
146 silly audit   'path-parse': [ '1.0.7' ],
146 silly audit   picocolors: [ '1.1.1' ],
146 silly audit   picomatch: [ '2.3.2', '4.0.4' ],
146 silly audit   'possible-typed-array-names': [ '1.1.0' ],
146 silly audit   'prelude-ls': [ '1.2.1' ],
146 silly audit   'prop-types': [ '15.8.1' ],
146 silly audit   punycode: [ '2.3.1' ],
146 silly audit   'queue-microtask': [ '1.2.3' ],
146 silly audit   react: [ '19.2.4' ],
146 silly audit   'react-dom': [ '19.2.4' ],
146 silly audit   'react-is': [ '16.13.1' ],
146 silly audit   'reflect.getprototypeof': [ '1.0.10' ],
146 silly audit   'regexp.prototype.flags': [ '1.5.4' ],
146 silly audit   resolve: [ '2.0.0-next.7' ],
146 silly audit   'resolve-from': [ '4.0.0' ],
146 silly audit   'resolve-pkg-maps': [ '1.0.0' ],
146 silly audit   reusify: [ '1.1.0' ],
146 silly audit   'run-parallel': [ '1.2.0' ],
146 silly audit   'safe-array-concat': [ '1.1.4' ],
146 silly audit   'safe-push-apply': [ '1.0.0' ],
146 silly audit   'safe-regex-test': [ '1.1.0' ],
146 silly audit   scheduler: [ '0.27.0' ],
146 silly audit   'set-function-length': [ '1.2.2' ],
146 silly audit   'set-function-name': [ '2.0.2' ],
146 silly audit   'set-proto': [ '1.0.0' ],
146 silly audit   sharp: [ '0.34.5' ],
146 silly audit   'shebang-command': [ '2.0.0' ],
146 silly audit   'shebang-regex': [ '3.0.0' ],
146 silly audit   'side-channel': [ '1.1.0' ],
146 silly audit   'side-channel-list': [ '1.0.1' ],
146 silly audit   'side-channel-map': [ '1.0.1' ],
146 silly audit   'side-channel-weakmap': [ '1.0.2' ],
146 silly audit   'source-map-js': [ '1.2.1' ],
146 silly audit   'stable-hash': [ '0.0.5' ],
146 silly audit   'stop-iteration-iterator': [ '1.1.0' ],
146 silly audit   'string.prototype.includes': [ '2.0.1' ],
146 silly audit   'string.prototype.matchall': [ '4.0.12' ],
146 silly audit   'string.prototype.repeat': [ '1.0.0' ],
146 silly audit   'string.prototype.trim': [ '1.2.10' ],
146 silly audit   'string.prototype.trimend': [ '1.0.9' ],
146 silly audit   'string.prototype.trimstart': [ '1.0.8' ],
146 silly audit   'strip-bom': [ '3.0.0' ],
146 silly audit   'strip-json-comments': [ '3.1.1' ],
146 silly audit   'styled-jsx': [ '5.1.6' ],
146 silly audit   'supports-color': [ '7.2.0' ],
146 silly audit   'supports-preserve-symlinks-flag': [ '1.0.0' ],
146 silly audit   'tailwind-merge': [ '3.6.0' ],
146 silly audit   tailwindcss: [ '4.3.0' ],
146 silly audit   tapable: [ '2.3.3' ],
146 silly audit   tinyglobby: [ '0.2.17' ],
146 silly audit   fdir: [ '6.5.0' ],
146 silly audit   'to-regex-range': [ '5.0.1' ],
146 silly audit   'ts-api-utils': [ '2.5.0' ],
146 silly audit   'tsconfig-paths': [ '3.15.0' ],
146 silly audit   tslib: [ '2.8.1' ],
146 silly audit   'type-check': [ '0.4.0' ],
146 silly audit   'typed-array-buffer': [ '1.0.3' ],
146 silly audit   'typed-array-byte-length': [ '1.0.3' ],
146 silly audit   'typed-array-byte-offset': [ '1.0.4' ],
146 silly audit   'typed-array-length': [ '1.0.8' ],
146 silly audit   typescript: [ '5.9.3' ],
146 silly audit   'typescript-eslint': [ '8.60.1' ],
146 silly audit   'unbox-primitive': [ '1.1.0' ],
146 silly audit   'undici-types': [ '6.21.0' ],
146 silly audit   'unrs-resolver': [ '1.12.2' ],
146 silly audit   'update-browserslist-db': [ '1.2.3' ],
146 silly audit   'uri-js': [ '4.4.1' ],
146 silly audit   which: [ '2.0.2' ],
146 silly audit   'which-boxed-primitive': [ '1.1.1' ],
146 silly audit   'which-builtin-type': [ '1.2.1' ],
146 silly audit   'which-collection': [ '1.0.2' ],
146 silly audit   'which-typed-array': [ '1.1.22' ],
146 silly audit   'word-wrap': [ '1.2.5' ],
146 silly audit   yallist: [ '3.1.1' ],
146 silly audit   'yocto-queue': [ '0.1.0' ],
146 silly audit   zod: [ '4.4.3' ],
146 silly audit   'zod-validation-error': [ '4.0.2' ],
146 silly audit   '@vercel/analytics': [ '2.0.1' ],
146 silly audit   '@tailwindcss/oxide-wasm32-wasi': [ '4.3.0' ]
146 silly audit }
147 verbose reify failed optional dependency /Users/rachel/Documents/MITCHFACTORIAL/site/node_modules/lightningcss-win32-x64-msvc
148 silly reify mark deleted [
148 silly reify   '/Users/rachel/Documents/MITCHFACTORIAL/site/node_modules/lightningcss-win32-x64-msvc'
148 silly reify ]
149 verbose reify failed optional dependency /Users/rachel/Documents/MITCHFACTORIAL/site/node_modules/lightningcss-win32-arm64-msvc
150 silly reify mark deleted [
150 silly reify   '/Users/rachel/Documents/MITCHFACTORIAL/site/node_modules/lightningcss-win32-arm64-msvc'
150 silly reify ]
151 verbose reify failed optional dependency /Users/rachel/Documents/MITCHFACTORIAL/site/node_modules/lightningcss-linux-x64-musl
152 silly reify mark deleted [
152 silly reify   '/Users/rachel/Documents/MITCHFACTORIAL/site/node_modules/lightningcss-linux-x64-musl'
152 silly reify ]
153 verbose reify failed optional dependency /Users/rachel/Documents/MITCHFACTORIAL/site/node_modules/lightningcss-linux-x64-gnu
154 silly reify mark deleted [
154 silly reify   '/Users/rachel/Documents/MITCHFACTORIAL/site/node_modules/lightningcss-linux-x64-gnu'
154 silly reify ]
155 verbose reify failed optional dependency /Users/rachel/Documents/MITCHFACTORIAL/site/node_modules/lightningcss-linux-arm64-musl
156 silly reify mark deleted [
156 silly reify   '/Users/rachel/Documents/MITCHFACTORIAL/site/node_modules/lightningcss-linux-arm64-musl'
156 silly reify ]
157 verbose reify failed optional dependency /Users/rachel/Documents/MITCHFACTORIAL/site/node_modules/lightningcss-linux-arm64-gnu
158 silly reify mark deleted [
158 silly reify   '/Users/rachel/Documents/MITCHFACTORIAL/site/node_modules/lightningcss-linux-arm64-gnu'
158 silly reify ]
159 verbose reify failed optional dependency /Users/rachel/Documents/MITCHFACTORIAL/site/node_modules/lightningcss-linux-arm-gnueabihf
160 silly reify mark deleted [
160 silly reify   '/Users/rachel/Documents/MITCHFACTORIAL/site/node_modules/lightningcss-linux-arm-gnueabihf'
160 silly reify ]
161 verbose reify failed optional dependency /Users/rachel/Documents/MITCHFACTORIAL/site/node_modules/lightningcss-freebsd-x64
162 silly reify mark deleted [
162 silly reify   '/Users/rachel/Documents/MITCHFACTORIAL/site/node_modules/lightningcss-freebsd-x64'
162 silly reify ]
163 verbose reify failed optional dependency /Users/rachel/Documents/MITCHFACTORIAL/site/node_modules/lightningcss-darwin-x64
164 silly reify mark deleted [
164 silly reify   '/Users/rachel/Documents/MITCHFACTORIAL/site/node_modules/lightningcss-darwin-x64'
164 silly reify ]
165 verbose reify failed optional dependency /Users/rachel/Documents/MITCHFACTORIAL/site/node_modules/lightningcss-android-arm64
166 silly reify mark deleted [
166 silly reify   '/Users/rachel/Documents/MITCHFACTORIAL/site/node_modules/lightningcss-android-arm64'
166 silly reify ]
167 verbose reify failed optional dependency /Users/rachel/Documents/MITCHFACTORIAL/site/node_modules/@unrs/resolver-binding-win32-x64-msvc
168 silly reify mark deleted [
168 silly reify   '/Users/rachel/Documents/MITCHFACTORIAL/site/node_modules/@unrs/resolver-binding-win32-x64-msvc'
168 silly reify ]
169 verbose reify failed optional dependency /Users/rachel/Documents/MITCHFACTORIAL/site/node_modules/@unrs/resolver-binding-win32-ia32-msvc
170 silly reify mark deleted [
170 silly reify   '/Users/rachel/Documents/MITCHFACTORIAL/site/node_modules/@unrs/resolver-binding-win32-ia32-msvc'
170 silly reify ]
171 verbose reify failed optional dependency /Users/rachel/Documents/MITCHFACTORIAL/site/node_modules/@unrs/resolver-binding-win32-arm64-msvc
172 silly reify mark deleted [
172 silly reify   '/Users/rachel/Documents/MITCHFACTORIAL/site/node_modules/@unrs/resolver-binding-win32-arm64-msvc'
172 silly reify ]
173 verbose reify failed optional dependency /Users/rachel/Documents/MITCHFACTORIAL/site/node_modules/@unrs/resolver-binding-wasm32-wasi
174 silly reify mark deleted [
174 silly reify   '/Users/rachel/Documents/MITCHFACTORIAL/site/node_modules/@unrs/resolver-binding-wasm32-wasi'
174 silly reify ]
175 verbose reify failed optional dependency /Users/rachel/Documents/MITCHFACTORIAL/site/node_modules/@unrs/resolver-binding-openharmony-arm64
176 silly reify mark deleted [
176 silly reify   '/Users/rachel/Documents/MITCHFACTORIAL/site/node_modules/@unrs/resolver-binding-openharmony-arm64'
176 silly reify ]
177 verbose reify failed optional dependency /Users/rachel/Documents/MITCHFACTORIAL/site/node_modules/@unrs/resolver-binding-linux-x64-musl
178 silly reify mark deleted [
178 silly reify   '/Users/rachel/Documents/MITCHFACTORIAL/site/node_modules/@unrs/resolver-binding-linux-x64-musl'
178 silly reify ]
179 verbose reify failed optional dependency /Users/rachel/Documents/MITCHFACTORIAL/site/node_modules/@unrs/resolver-binding-linux-x64-gnu
180 silly reify mark deleted [
180 silly reify   '/Users/rachel/Documents/MITCHFACTORIAL/site/node_modules/@unrs/resolver-binding-linux-x64-gnu'
180 silly reify ]
181 verbose reify failed optional dependency /Users/rachel/Documents/MITCHFACTORIAL/site/node_modules/@unrs/resolver-binding-linux-s390x-gnu
182 silly reify mark deleted [
182 silly reify   '/Users/rachel/Documents/MITCHFACTORIAL/site/node_modules/@unrs/resolver-binding-linux-s390x-gnu'
182 silly reify ]
183 verbose reify failed optional dependency /Users/rachel/Documents/MITCHFACTORIAL/site/node_modules/@unrs/resolver-binding-linux-riscv64-musl
184 silly reify mark deleted [
184 silly reify   '/Users/rachel/Documents/MITCHFACTORIAL/site/node_modules/@unrs/resolver-binding-linux-riscv64-musl'
184 silly reify ]
185 verbose reify failed optional dependency /Users/rachel/Documents/MITCHFACTORIAL/site/node_modules/@unrs/resolver-binding-linux-riscv64-gnu
186 silly reify mark deleted [
186 silly reify   '/Users/rachel/Documents/MITCHFACTORIAL/site/node_modules/@unrs/resolver-binding-linux-riscv64-gnu'
186 silly reify ]
187 verbose reify failed optional dependency /Users/rachel/Documents/MITCHFACTORIAL/site/node_modules/@unrs/resolver-binding-linux-ppc64-gnu
188 silly reify mark deleted [
188 silly reify   '/Users/rachel/Documents/MITCHFACTORIAL/site/node_modules/@unrs/resolver-binding-linux-ppc64-gnu'
188 silly reify ]
189 verbose reify failed optional dependency /Users/rachel/Documents/MITCHFACTORIAL/site/node_modules/@unrs/resolver-binding-linux-loong64-musl
190 silly reify mark deleted [
190 silly reify   '/Users/rachel/Documents/MITCHFACTORIAL/site/node_modules/@unrs/resolver-binding-linux-loong64-musl'
190 silly reify ]
191 verbose reify failed optional dependency /Users/rachel/Documents/MITCHFACTORIAL/site/node_modules/@unrs/resolver-binding-linux-loong64-gnu
192 silly reify mark deleted [
192 silly reify   '/Users/rachel/Documents/MITCHFACTORIAL/site/node_modules/@unrs/resolver-binding-linux-loong64-gnu'
192 silly reify ]
193 verbose reify failed optional dependency /Users/rachel/Documents/MITCHFACTORIAL/site/node_modules/@unrs/resolver-binding-linux-arm64-musl
194 silly reify mark deleted [
194 silly reify   '/Users/rachel/Documents/MITCHFACTORIAL/site/node_modules/@unrs/resolver-binding-linux-arm64-musl'
194 silly reify ]
195 verbose reify failed optional dependency /Users/rachel/Documents/MITCHFACTORIAL/site/node_modules/@unrs/resolver-binding-linux-arm64-gnu
196 silly reify mark deleted [
196 silly reify   '/Users/rachel/Documents/MITCHFACTORIAL/site/node_modules/@unrs/resolver-binding-linux-arm64-gnu'
196 silly reify ]
197 verbose reify failed optional dependency /Users/rachel/Documents/MITCHFACTORIAL/site/node_modules/@unrs/resolver-binding-linux-arm-musleabihf
198 silly reify mark deleted [
198 silly reify   '/Users/rachel/Documents/MITCHFACTORIAL/site/node_modules/@unrs/resolver-binding-linux-arm-musleabihf'
198 silly reify ]
199 verbose reify failed optional dependency /Users/rachel/Documents/MITCHFACTORIAL/site/node_modules/@unrs/resolver-binding-linux-arm-gnueabihf
200 silly reify mark deleted [
200 silly reify   '/Users/rachel/Documents/MITCHFACTORIAL/site/node_modules/@unrs/resolver-binding-linux-arm-gnueabihf'
200 silly reify ]
201 verbose reify failed optional dependency /Users/rachel/Documents/MITCHFACTORIAL/site/node_modules/@unrs/resolver-binding-freebsd-x64
202 silly reify mark deleted [
202 silly reify   '/Users/rachel/Documents/MITCHFACTORIAL/site/node_modules/@unrs/resolver-binding-freebsd-x64'
202 silly reify ]
203 verbose reify failed optional dependency /Users/rachel/Documents/MITCHFACTORIAL/site/node_modules/@unrs/resolver-binding-darwin-x64
204 silly reify mark deleted [
204 silly reify   '/Users/rachel/Documents/MITCHFACTORIAL/site/node_modules/@unrs/resolver-binding-darwin-x64'
204 silly reify ]
205 verbose reify failed optional dependency /Users/rachel/Documents/MITCHFACTORIAL/site/node_modules/@unrs/resolver-binding-android-arm64
206 silly reify mark deleted [
206 silly reify   '/Users/rachel/Documents/MITCHFACTORIAL/site/node_modules/@unrs/resolver-binding-android-arm64'
206 silly reify ]
207 verbose reify failed optional dependency /Users/rachel/Documents/MITCHFACTORIAL/site/node_modules/@unrs/resolver-binding-android-arm-eabi
208 silly reify mark deleted [
208 silly reify   '/Users/rachel/Documents/MITCHFACTORIAL/site/node_modules/@unrs/resolver-binding-android-arm-eabi'
208 silly reify ]
209 verbose reify failed optional dependency /Users/rachel/Documents/MITCHFACTORIAL/site/node_modules/@tailwindcss/oxide-win32-x64-msvc
210 silly reify mark deleted [
210 silly reify   '/Users/rachel/Documents/MITCHFACTORIAL/site/node_modules/@tailwindcss/oxide-win32-x64-msvc'
210 silly reify ]
211 verbose reify failed optional dependency /Users/rachel/Documents/MITCHFACTORIAL/site/node_modules/@tailwindcss/oxide-win32-arm64-msvc
212 silly reify mark deleted [
212 silly reify   '/Users/rachel/Documents/MITCHFACTORIAL/site/node_modules/@tailwindcss/oxide-win32-arm64-msvc'
212 silly reify ]
213 verbose reify failed optional dependency /Users/rachel/Documents/MITCHFACTORIAL/site/node_modules/@tailwindcss/oxide-linux-x64-musl
214 silly reify mark deleted [
214 silly reify   '/Users/rachel/Documents/MITCHFACTORIAL/site/node_modules/@tailwindcss/oxide-linux-x64-musl'
214 silly reify ]
215 verbose reify failed optional dependency /Users/rachel/Documents/MITCHFACTORIAL/site/node_modules/@tailwindcss/oxide-linux-x64-gnu
216 silly reify mark deleted [
216 silly reify   '/Users/rachel/Documents/MITCHFACTORIAL/site/node_modules/@tailwindcss/oxide-linux-x64-gnu'
216 silly reify ]
217 verbose reify failed optional dependency /Users/rachel/Documents/MITCHFACTORIAL/site/node_modules/@tailwindcss/oxide-linux-arm64-musl
218 silly reify mark deleted [
218 silly reify   '/Users/rachel/Documents/MITCHFACTORIAL/site/node_modules/@tailwindcss/oxide-linux-arm64-musl'
218 silly reify ]
219 verbose reify failed optional dependency /Users/rachel/Documents/MITCHFACTORIAL/site/node_modules/@tailwindcss/oxide-linux-arm64-gnu
220 silly reify mark deleted [
220 silly reify   '/Users/rachel/Documents/MITCHFACTORIAL/site/node_modules/@tailwindcss/oxide-linux-arm64-gnu'
220 silly reify ]
221 verbose reify failed optional dependency /Users/rachel/Documents/MITCHFACTORIAL/site/node_modules/@tailwindcss/oxide-linux-arm-gnueabihf
222 silly reify mark deleted [
222 silly reify   '/Users/rachel/Documents/MITCHFACTORIAL/site/node_modules/@tailwindcss/oxide-linux-arm-gnueabihf'
222 silly reify ]
223 verbose reify failed optional dependency /Users/rachel/Documents/MITCHFACTORIAL/site/node_modules/@tailwindcss/oxide-freebsd-x64
224 silly reify mark deleted [
224 silly reify   '/Users/rachel/Documents/MITCHFACTORIAL/site/node_modules/@tailwindcss/oxide-freebsd-x64'
224 silly reify ]
225 verbose reify failed optional dependency /Users/rachel/Documents/MITCHFACTORIAL/site/node_modules/@tailwindcss/oxide-darwin-x64
226 silly reify mark deleted [
226 silly reify   '/Users/rachel/Documents/MITCHFACTORIAL/site/node_modules/@tailwindcss/oxide-darwin-x64'
226 silly reify ]
227 verbose reify failed optional dependency /Users/rachel/Documents/MITCHFACTORIAL/site/node_modules/@tailwindcss/oxide-android-arm64
228 silly reify mark deleted [
228 silly reify   '/Users/rachel/Documents/MITCHFACTORIAL/site/node_modules/@tailwindcss/oxide-android-arm64'
228 silly reify ]
229 verbose reify failed optional dependency /Users/rachel/Documents/MITCHFACTORIAL/site/node_modules/@next/swc-win32-x64-msvc
230 silly reify mark deleted [
230 silly reify   '/Users/rachel/Documents/MITCHFACTORIAL/site/node_modules/@next/swc-win32-x64-msvc'
230 silly reify ]
231 verbose reify failed optional dependency /Users/rachel/Documents/MITCHFACTORIAL/site/node_modules/@next/swc-win32-arm64-msvc
232 silly reify mark deleted [
232 silly reify   '/Users/rachel/Documents/MITCHFACTORIAL/site/node_modules/@next/swc-win32-arm64-msvc'
232 silly reify ]
233 verbose reify failed optional dependency /Users/rachel/Documents/MITCHFACTORIAL/site/node_modules/@next/swc-linux-x64-musl
234 silly reify mark deleted [
234 silly reify   '/Users/rachel/Documents/MITCHFACTORIAL/site/node_modules/@next/swc-linux-x64-musl'
234 silly reify ]
235 verbose reify failed optional dependency /Users/rachel/Documents/MITCHFACTORIAL/site/node_modules/@next/swc-linux-x64-gnu
236 silly reify mark deleted [
236 silly reify   '/Users/rachel/Documents/MITCHFACTORIAL/site/node_modules/@next/swc-linux-x64-gnu'
236 silly reify ]
237 verbose reify failed optional dependency /Users/rachel/Documents/MITCHFACTORIAL/site/node_modules/@next/swc-linux-arm64-musl
238 silly reify mark deleted [
238 silly reify   '/Users/rachel/Documents/MITCHFACTORIAL/site/node_modules/@next/swc-linux-arm64-musl'
238 silly reify ]
239 verbose reify failed optional dependency /Users/rachel/Documents/MITCHFACTORIAL/site/node_modules/@next/swc-linux-arm64-gnu
240 silly reify mark deleted [
240 silly reify   '/Users/rachel/Documents/MITCHFACTORIAL/site/node_modules/@next/swc-linux-arm64-gnu'
240 silly reify ]
241 verbose reify failed optional dependency /Users/rachel/Documents/MITCHFACTORIAL/site/node_modules/@next/swc-darwin-x64
242 silly reify mark deleted [
242 silly reify   '/Users/rachel/Documents/MITCHFACTORIAL/site/node_modules/@next/swc-darwin-x64'
242 silly reify ]
243 verbose reify failed optional dependency /Users/rachel/Documents/MITCHFACTORIAL/site/node_modules/@img/sharp-win32-x64
244 silly reify mark deleted [
244 silly reify   '/Users/rachel/Documents/MITCHFACTORIAL/site/node_modules/@img/sharp-win32-x64'
244 silly reify ]
245 verbose reify failed optional dependency /Users/rachel/Documents/MITCHFACTORIAL/site/node_modules/@img/sharp-win32-ia32
246 silly reify mark deleted [
246 silly reify   '/Users/rachel/Documents/MITCHFACTORIAL/site/node_modules/@img/sharp-win32-ia32'
246 silly reify ]
247 verbose reify failed optional dependency /Users/rachel/Documents/MITCHFACTORIAL/site/node_modules/@img/sharp-win32-arm64
248 silly reify mark deleted [
248 silly reify   '/Users/rachel/Documents/MITCHFACTORIAL/site/node_modules/@img/sharp-win32-arm64'
248 silly reify ]
249 verbose reify failed optional dependency /Users/rachel/Documents/MITCHFACTORIAL/site/node_modules/@img/sharp-wasm32
250 silly reify mark deleted [
250 silly reify   '/Users/rachel/Documents/MITCHFACTORIAL/site/node_modules/@img/sharp-wasm32'
250 silly reify ]
251 verbose reify failed optional dependency /Users/rachel/Documents/MITCHFACTORIAL/site/node_modules/@img/sharp-linuxmusl-x64
252 silly reify mark deleted [
252 silly reify   '/Users/rachel/Documents/MITCHFACTORIAL/site/node_modules/@img/sharp-linuxmusl-x64'
252 silly reify ]
253 verbose reify failed optional dependency /Users/rachel/Documents/MITCHFACTORIAL/site/node_modules/@img/sharp-linuxmusl-arm64
254 silly reify mark deleted [
254 silly reify   '/Users/rachel/Documents/MITCHFACTORIAL/site/node_modules/@img/sharp-linuxmusl-arm64'
254 silly reify ]
255 verbose reify failed optional dependency /Users/rachel/Documents/MITCHFACTORIAL/site/node_modules/@img/sharp-linux-x64
256 silly reify mark deleted [
256 silly reify   '/Users/rachel/Documents/MITCHFACTORIAL/site/node_modules/@img/sharp-linux-x64'
256 silly reify ]
257 verbose reify failed optional dependency /Users/rachel/Documents/MITCHFACTORIAL/site/node_modules/@img/sharp-linux-s390x
258 silly reify mark deleted [
258 silly reify   '/Users/rachel/Documents/MITCHFACTORIAL/site/node_modules/@img/sharp-linux-s390x'
258 silly reify ]
259 verbose reify failed optional dependency /Users/rachel/Documents/MITCHFACTORIAL/site/node_modules/@img/sharp-linux-riscv64
260 silly reify mark deleted [
260 silly reify   '/Users/rachel/Documents/MITCHFACTORIAL/site/node_modules/@img/sharp-linux-riscv64'
260 silly reify ]
261 verbose reify failed optional dependency /Users/rachel/Documents/MITCHFACTORIAL/site/node_modules/@img/sharp-linux-ppc64
262 silly reify mark deleted [
262 silly reify   '/Users/rachel/Documents/MITCHFACTORIAL/site/node_modules/@img/sharp-linux-ppc64'
262 silly reify ]
263 verbose reify failed optional dependency /Users/rachel/Documents/MITCHFACTORIAL/site/node_modules/@img/sharp-linux-arm64
264 silly reify mark deleted [
264 silly reify   '/Users/rachel/Documents/MITCHFACTORIAL/site/node_modules/@img/sharp-linux-arm64'
264 silly reify ]
265 verbose reify failed optional dependency /Users/rachel/Documents/MITCHFACTORIAL/site/node_modules/@img/sharp-linux-arm
266 silly reify mark deleted [
266 silly reify   '/Users/rachel/Documents/MITCHFACTORIAL/site/node_modules/@img/sharp-linux-arm'
266 silly reify ]
267 verbose reify failed optional dependency /Users/rachel/Documents/MITCHFACTORIAL/site/node_modules/@img/sharp-libvips-linuxmusl-x64
268 silly reify mark deleted [
268 silly reify   '/Users/rachel/Documents/MITCHFACTORIAL/site/node_modules/@img/sharp-libvips-linuxmusl-x64'
268 silly reify ]
269 verbose reify failed optional dependency /Users/rachel/Documents/MITCHFACTORIAL/site/node_modules/@img/sharp-libvips-linuxmusl-arm64
270 silly reify mark deleted [
270 silly reify   '/Users/rachel/Documents/MITCHFACTORIAL/site/node_modules/@img/sharp-libvips-linuxmusl-arm64'
270 silly reify ]
271 verbose reify failed optional dependency /Users/rachel/Documents/MITCHFACTORIAL/site/node_modules/@img/sharp-libvips-linux-x64
272 silly reify mark deleted [
272 silly reify   '/Users/rachel/Documents/MITCHFACTORIAL/site/node_modules/@img/sharp-libvips-linux-x64'
272 silly reify ]
273 verbose reify failed optional dependency /Users/rachel/Documents/MITCHFACTORIAL/site/node_modules/@img/sharp-libvips-linux-s390x
274 silly reify mark deleted [
274 silly reify   '/Users/rachel/Documents/MITCHFACTORIAL/site/node_modules/@img/sharp-libvips-linux-s390x'
274 silly reify ]
275 verbose reify failed optional dependency /Users/rachel/Documents/MITCHFACTORIAL/site/node_modules/@img/sharp-libvips-linux-riscv64
276 silly reify mark deleted [
276 silly reify   '/Users/rachel/Documents/MITCHFACTORIAL/site/node_modules/@img/sharp-libvips-linux-riscv64'
276 silly reify ]
277 verbose reify failed optional dependency /Users/rachel/Documents/MITCHFACTORIAL/site/node_modules/@img/sharp-libvips-linux-ppc64
278 silly reify mark deleted [
278 silly reify   '/Users/rachel/Documents/MITCHFACTORIAL/site/node_modules/@img/sharp-libvips-linux-ppc64'
278 silly reify ]
279 verbose reify failed optional dependency /Users/rachel/Documents/MITCHFACTORIAL/site/node_modules/@img/sharp-libvips-linux-arm64
280 silly reify mark deleted [
280 silly reify   '/Users/rachel/Documents/MITCHFACTORIAL/site/node_modules/@img/sharp-libvips-linux-arm64'
280 silly reify ]
281 verbose reify failed optional dependency /Users/rachel/Documents/MITCHFACTORIAL/site/node_modules/@img/sharp-libvips-linux-arm
282 silly reify mark deleted [
282 silly reify   '/Users/rachel/Documents/MITCHFACTORIAL/site/node_modules/@img/sharp-libvips-linux-arm'
282 silly reify ]
283 verbose reify failed optional dependency /Users/rachel/Documents/MITCHFACTORIAL/site/node_modules/@img/sharp-libvips-darwin-x64
284 silly reify mark deleted [
284 silly reify   '/Users/rachel/Documents/MITCHFACTORIAL/site/node_modules/@img/sharp-libvips-darwin-x64'
284 silly reify ]
285 verbose reify failed optional dependency /Users/rachel/Documents/MITCHFACTORIAL/site/node_modules/@img/sharp-darwin-x64
286 silly reify mark deleted [
286 silly reify   '/Users/rachel/Documents/MITCHFACTORIAL/site/node_modules/@img/sharp-darwin-x64'
286 silly reify ]
287 silly tarball no local data for @vercel/analytics@https://registry.npmjs.org/@vercel/analytics/-/analytics-2.0.1.tgz. Extracting by manifest.
288 http fetch POST 200 https://registry.npmjs.org/-/npm/v1/security/advisories/bulk 139ms
289 silly audit report {
289 silly audit report   postcss: [
289 silly audit report     {
289 silly audit report       id: 1117015,
289 silly audit report       url: 'https://github.com/advisories/GHSA-qx2v-qp2m-jg93',
289 silly audit report       title: 'PostCSS has XSS via Unescaped </style> in its CSS Stringify Output',
289 silly audit report       severity: 'moderate',
289 silly audit report       vulnerable_versions: '<8.5.10',
289 silly audit report       cwe: [Array],
289 silly audit report       cvss: [Object]
289 silly audit report     }
289 silly audit report   ]
289 silly audit report }
290 silly packumentCache corgi:https://registry.npmjs.org/postcss cache-miss
291 http fetch GET 200 https://registry.npmjs.org/postcss 50ms (cache miss)
292 silly packumentCache corgi:https://registry.npmjs.org/postcss set size:undefined disposed:false
293 silly packumentCache corgi:https://registry.npmjs.org/next cache-miss
294 http fetch GET 200 https://registry.npmjs.org/@vercel/analytics/-/analytics-2.0.1.tgz 247ms (cache miss)
295 http fetch GET 200 https://registry.npmjs.org/next 495ms (cache miss)
296 silly packumentCache corgi:https://registry.npmjs.org/next set size:undefined disposed:false
297 silly packumentCache corgi:https://registry.npmjs.org/@vercel%2fanalytics cache-miss
298 http fetch GET 200 https://registry.npmjs.org/@vercel%2fanalytics 116ms (cache miss)
299 silly packumentCache corgi:https://registry.npmjs.org/@vercel%2fanalytics set size:undefined disposed:false
300 silly ADD node_modules/@vercel/analytics
301 silly ADD
302 silly ADD
303 silly ADD
304 silly ADD
305 silly ADD
306 silly ADD
307 silly ADD
308 silly ADD
309 silly ADD
310 silly ADD
311 silly ADD
312 silly ADD
313 silly ADD
314 silly ADD
315 silly ADD
316 silly ADD
317 silly ADD
318 silly ADD
319 silly ADD
320 silly ADD
321 silly ADD
322 silly ADD
323 silly ADD
324 silly ADD
325 silly ADD
326 silly ADD
327 silly ADD
328 silly ADD
329 silly ADD
330 silly ADD
331 silly ADD
332 silly ADD
333 silly ADD
334 silly ADD
335 silly ADD
336 silly ADD
337 silly ADD
338 silly ADD
339 silly ADD
340 silly ADD
341 silly ADD
342 silly ADD
343 silly ADD
344 silly ADD
345 silly ADD
346 silly ADD
347 silly ADD
348 silly ADD
349 silly ADD
350 silly ADD
351 silly ADD
352 silly ADD
353 silly ADD
354 silly ADD
355 silly ADD
356 silly ADD
357 silly ADD
358 silly ADD
359 silly ADD
360 silly ADD
361 silly ADD
362 silly ADD
363 silly ADD
364 silly ADD
365 silly ADD
366 silly ADD
367 silly ADD
368 silly ADD
369 silly ADD
370 silly ADD
371 silly ADD
372 verbose cwd /Users/rachel/Documents/MITCHFACTORIAL/site
373 verbose os Darwin 25.5.0
374 verbose node v20.19.6
375 verbose npm  v10.8.2
376 verbose exit 0
377 info ok
