0 verbose cli /Users/rachel/.nvm/versions/node/v20.19.6/bin/node /Users/rachel/.nvm/versions/node/v20.19.6/lib/node_modules/npm/bin/npm-cli.js
1 info using npm@10.8.2
2 info using node@v20.19.6
3 silly config load:file:/Users/rachel/.nvm/versions/node/v20.19.6/lib/node_modules/npm/npmrc
4 silly config load:file:/Users/rachel/Documents/MITCHFACTORIAL/site/.npmrc
5 silly config load:file:/Users/rachel/.npmrc
6 silly config load:file:/Users/rachel/.nvm/versions/node/v20.19.6/etc/npmrc
7 verbose title npm exec node -
8 verbose argv "exec" "--yes" "--package" "playwright@latest" "--" "node" "-"
9 verbose logfile logs-max:10 dir:/Users/rachel/Documents/MITCHFACTORIAL/site/.npm-cache/_logs/2026-06-06T03_25_15_995Z-
10 verbose logfile /Users/rachel/Documents/MITCHFACTORIAL/site/.npm-cache/_logs/2026-06-06T03_25_15_995Z-debug-0.log
11 silly packumentCache heap:4345298944 maxSize:1086324736 maxEntrySize:543162368
12 silly logfile done cleaning log files
13 http fetch GET 200 https://registry.npmjs.org/npm 232ms
14 http fetch GET 200 https://registry.npmjs.org/playwright 365ms (cache miss)
15 silly packumentCache heap:4345298944 maxSize:1086324736 maxEntrySize:543162368
16 silly idealTree buildDeps
17 silly fetch manifest playwright@1.60.0
18 silly packumentCache full:https://registry.npmjs.org/playwright cache-miss
19 http fetch GET 200 https://registry.npmjs.org/playwright 382ms (cache miss)
20 silly packumentCache full:https://registry.npmjs.org/playwright set size:undefined disposed:false
21 silly placeDep ROOT playwright@1.60.0 OK for:  want: 1.60.0
22 silly fetch manifest playwright-core@1.60.0
23 silly packumentCache full:https://registry.npmjs.org/playwright-core cache-miss
24 silly fetch manifest fsevents@2.3.2
25 silly packumentCache full:https://registry.npmjs.org/fsevents cache-miss
26 http fetch GET 200 https://registry.npmjs.org/fsevents 69ms (cache miss)
27 silly packumentCache full:https://registry.npmjs.org/fsevents set size:undefined disposed:false
28 http fetch GET 200 https://registry.npmjs.org/playwright-core 372ms (cache miss)
29 silly packumentCache full:https://registry.npmjs.org/playwright-core set size:undefined disposed:false
30 silly placeDep ROOT fsevents@2.3.2 OK for: playwright@1.60.0 want: 2.3.2
31 silly placeDep ROOT playwright-core@1.60.0 OK for: playwright@1.60.0 want: 1.60.0
32 silly reify moves {}
33 silly audit bulk request {
33 silly audit   playwright: [ '1.60.0' ],
33 silly audit   fsevents: [ '2.3.2' ],
33 silly audit   'playwright-core': [ '1.60.0' ]
33 silly audit }
34 silly tarball no local data for playwright-core@https://registry.npmjs.org/playwright-core/-/playwright-core-1.60.0.tgz. Extracting by manifest.
35 silly tarball no local data for fsevents@https://registry.npmjs.org/fsevents/-/fsevents-2.3.2.tgz. Extracting by manifest.
36 silly tarball no local data for playwright@https://registry.npmjs.org/playwright/-/playwright-1.60.0.tgz. Extracting by manifest.
37 http fetch POST 200 https://registry.npmjs.org/-/npm/v1/security/advisories/bulk 114ms
38 silly audit report {}
39 http fetch GET 200 https://registry.npmjs.org/fsevents/-/fsevents-2.3.2.tgz 111ms (cache miss)
40 http fetch GET 200 https://registry.npmjs.org/playwright-core/-/playwright-core-1.60.0.tgz 153ms (cache miss)
41 http fetch GET 200 https://registry.npmjs.org/playwright/-/playwright-1.60.0.tgz 167ms (cache miss)
42 info run fsevents@2.3.2 install node_modules/fsevents node-gyp rebuild
43 info run fsevents@2.3.2 install { code: 1, signal: null }
44 verbose reify failed optional dependency /Users/rachel/Documents/MITCHFACTORIAL/site/.npm-cache/_npx/705bc6b22212b352/node_modules/fsevents
45 silly reify mark deleted [
45 silly reify   '/Users/rachel/Documents/MITCHFACTORIAL/site/.npm-cache/_npx/705bc6b22212b352/node_modules/fsevents'
45 silly reify ]
46 verbose cwd /Users/rachel/Documents/MITCHFACTORIAL/site
47 verbose os Darwin 25.5.0
48 verbose node v20.19.6
49 verbose npm  v10.8.2
50 notice
50 notice New major version of npm available! 10.8.2 -> 11.16.0
50 notice Changelog: https://github.com/npm/cli/releases/tag/v11.16.0
50 notice To update run: npm install -g npm@11.16.0
50 notice  { force: true, [Symbol(proc-log.meta)]: true }
51 verbose exit 1
52 verbose code 1
